// Vitest Snapshot v1

exports[`codegen > basic string 1`] = `"return function render(_ctx,_cache){return 'hello, naux'}"`;
